// Jest Snapshot v1, https://goo.gl/fbAQLP

exports[`AtTabBar should render default AtTabBar 1`] = `
<view
  class="at-tab-bar"
  style="background-color: rgb(255, 255, 255);"
/>
`;

exports[`AtTabBar should render prop -- backgroundColor 1`] = `
<view
  class="at-tab-bar at-tab-bar--fixed"
  style="background-color: rgb(255, 255, 255);"
/>
`;

exports[`AtTabBar should render prop -- class 1`] = `
<view
  class="test at-tab-bar test"
  style="background-color: rgb(255, 255, 255);"
/>
`;

exports[`AtTabBar should render prop -- color 1`] = `
<view
  class="at-tab-bar"
  style="background-color: rgb(255, 255, 255);"
>
  <view
    class="at-tab-bar__item at-tab-bar__item--active"
    style="color: rgb(97, 144, 232);"
  >
    <view
      class="at-badge"
    >
      
      <view
        class="at-tab-bar__icon"
      >
        <text
          class="at-icon at-icon-bullet-list"
          style="color: rgb(97, 144, 232); font-size: 24px;"
        />
      </view>
      
      <view
        class="at-badge__num"
      >
        new
      </view>
    </view>
    <!---->
    <view>
      <view
        class="at-badge"
      >
        
        <view
          class="at-tab-bar__title"
          style="font-size: 14px;"
        >
          待办事项
        </view>
        
        <!---->
      </view>
    </view>
  </view>
  <view
    class="at-tab-bar__item"
    style="color: red;"
  >
    <view
      class="at-badge"
    >
      
      <view
        class="at-tab-bar__icon"
      >
        <text
          class="at-icon at-icon-camera"
          style="color: red; font-size: 24px;"
        />
      </view>
      
      <!---->
    </view>
    <!---->
    <view>
      <view
        class="at-badge"
      >
        
        <view
          class="at-tab-bar__title"
          style="font-size: 14px;"
        >
          拍照
        </view>
        
        <!---->
      </view>
    </view>
  </view>
  <view
    class="at-tab-bar__item"
    style="color: red;"
  >
    <view
      class="at-badge"
    >
      
      <view
        class="at-tab-bar__icon"
      >
        <text
          class="at-icon at-icon-folder"
          style="color: red; font-size: 24px;"
        />
      </view>
      
      <view
        class="at-badge__num"
      >
        99+
      </view>
    </view>
    <!---->
    <view>
      <view
        class="at-badge"
      >
        
        <view
          class="at-tab-bar__title"
          style="font-size: 14px;"
        >
          文件夹
        </view>
        
        <!---->
      </view>
    </view>
  </view>
  <view
    class="at-tab-bar__item"
    style="color: red;"
  >
    <!---->
    <view
      class="at-badge"
    >
      
      <view
        class="at-tab-bar__icon"
      >
        <image
          class="at-tab-bar__inner-img at-tab-bar__inner-img--inactive"
          mode="widthFix"
          src="https://img14.360buyimg.com/jdphoto/s72x72_jfs/t17251/336/1311038817/3177/72595a07/5ac44618Na1db7b09.png"
          style="width: 24px; height: 24px;"
        />
        <image
          class="at-tab-bar__inner-img"
          mode="widthFix"
          src="https://img12.360buyimg.com/jdphoto/s72x72_jfs/t6160/14/2008729947/2754/7d512a86/595c3aeeNa89ddf71.png"
          style="width: 24px; height: 24px;"
        />
      </view>
      
      <view
        class="at-badge__num"
      >
        new
      </view>
    </view>
    <view>
      <view
        class="at-badge"
      >
        
        <view
          class="at-tab-bar__title"
          style="font-size: 14px;"
        >
          领取中心
        </view>
        
        <!---->
      </view>
    </view>
  </view>
</view>
`;

exports[`AtTabBar should render prop -- fontSize 1`] = `
<view
  class="at-tab-bar"
  style="background-color: rgb(255, 255, 255);"
>
  <view
    class="at-tab-bar__item at-tab-bar__item--active"
    style="color: rgb(97, 144, 232);"
  >
    <view
      class="at-badge"
    >
      
      <view
        class="at-tab-bar__icon"
      >
        <text
          class="at-icon at-icon-bullet-list"
          style="color: rgb(97, 144, 232); font-size: 24px;"
        />
      </view>
      
      <view
        class="at-badge__num"
      >
        new
      </view>
    </view>
    <!---->
    <view>
      <view
        class="at-badge"
      >
        
        <view
          class="at-tab-bar__title"
          style="font-size: 26px;"
        >
          待办事项
        </view>
        
        <!---->
      </view>
    </view>
  </view>
  <view
    class="at-tab-bar__item"
    style="color: rgb(51, 51, 51);"
  >
    <view
      class="at-badge"
    >
      
      <view
        class="at-tab-bar__icon"
      >
        <text
          class="at-icon at-icon-camera"
          style="color: rgb(51, 51, 51); font-size: 24px;"
        />
      </view>
      
      <!---->
    </view>
    <!---->
    <view>
      <view
        class="at-badge"
      >
        
        <view
          class="at-tab-bar__title"
          style="font-size: 26px;"
        >
          拍照
        </view>
        
        <!---->
      </view>
    </view>
  </view>
  <view
    class="at-tab-bar__item"
    style="color: rgb(51, 51, 51);"
  >
    <view
      class="at-badge"
    >
      
      <view
        class="at-tab-bar__icon"
      >
        <text
          class="at-icon at-icon-folder"
          style="color: rgb(51, 51, 51); font-size: 24px;"
        />
      </view>
      
      <view
        class="at-badge__num"
      >
        99+
      </view>
    </view>
    <!---->
    <view>
      <view
        class="at-badge"
      >
        
        <view
          class="at-tab-bar__title"
          style="font-size: 26px;"
        >
          文件夹
        </view>
        
        <!---->
      </view>
    </view>
  </view>
  <view
    class="at-tab-bar__item"
    style="color: rgb(51, 51, 51);"
  >
    <!---->
    <view
      class="at-badge"
    >
      
      <view
        class="at-tab-bar__icon"
      >
        <image
          class="at-tab-bar__inner-img at-tab-bar__inner-img--inactive"
          mode="widthFix"
          src="https://img14.360buyimg.com/jdphoto/s72x72_jfs/t17251/336/1311038817/3177/72595a07/5ac44618Na1db7b09.png"
          style="width: 24px; height: 24px;"
        />
        <image
          class="at-tab-bar__inner-img"
          mode="widthFix"
          src="https://img12.360buyimg.com/jdphoto/s72x72_jfs/t6160/14/2008729947/2754/7d512a86/595c3aeeNa89ddf71.png"
          style="width: 24px; height: 24px;"
        />
      </view>
      
      <view
        class="at-badge__num"
      >
        new
      </view>
    </view>
    <view>
      <view
        class="at-badge"
      >
        
        <view
          class="at-tab-bar__title"
          style="font-size: 26px;"
        >
          领取中心
        </view>
        
        <!---->
      </view>
    </view>
  </view>
</view>
`;

exports[`AtTabBar should render prop -- iconSize 1`] = `
<view
  class="at-tab-bar"
  style="background-color: rgb(255, 255, 255);"
>
  <view
    class="at-tab-bar__item at-tab-bar__item--active"
    style="color: rgb(97, 144, 232);"
  >
    <view
      class="at-badge"
    >
      
      <view
        class="at-tab-bar__icon"
      >
        <text
          class="at-icon at-icon-bullet-list"
          style="color: rgb(97, 144, 232); font-size: 26px;"
        />
      </view>
      
      <view
        class="at-badge__num"
      >
        new
      </view>
    </view>
    <!---->
    <view>
      <view
        class="at-badge"
      >
        
        <view
          class="at-tab-bar__title"
          style="font-size: 14px;"
        >
          待办事项
        </view>
        
        <!---->
      </view>
    </view>
  </view>
  <view
    class="at-tab-bar__item"
    style="color: rgb(51, 51, 51);"
  >
    <view
      class="at-badge"
    >
      
      <view
        class="at-tab-bar__icon"
      >
        <text
          class="at-icon at-icon-camera"
          style="color: rgb(51, 51, 51); font-size: 26px;"
        />
      </view>
      
      <!---->
    </view>
    <!---->
    <view>
      <view
        class="at-badge"
      >
        
        <view
          class="at-tab-bar__title"
          style="font-size: 14px;"
        >
          拍照
        </view>
        
        <!---->
      </view>
    </view>
  </view>
  <view
    class="at-tab-bar__item"
    style="color: rgb(51, 51, 51);"
  >
    <view
      class="at-badge"
    >
      
      <view
        class="at-tab-bar__icon"
      >
        <text
          class="at-icon at-icon-folder"
          style="color: rgb(51, 51, 51); font-size: 26px;"
        />
      </view>
      
      <view
        class="at-badge__num"
      >
        99+
      </view>
    </view>
    <!---->
    <view>
      <view
        class="at-badge"
      >
        
        <view
          class="at-tab-bar__title"
          style="font-size: 14px;"
        >
          文件夹
        </view>
        
        <!---->
      </view>
    </view>
  </view>
  <view
    class="at-tab-bar__item"
    style="color: rgb(51, 51, 51);"
  >
    <!---->
    <view
      class="at-badge"
    >
      
      <view
        class="at-tab-bar__icon"
      >
        <image
          class="at-tab-bar__inner-img at-tab-bar__inner-img--inactive"
          mode="widthFix"
          src="https://img14.360buyimg.com/jdphoto/s72x72_jfs/t17251/336/1311038817/3177/72595a07/5ac44618Na1db7b09.png"
          style="width: 26px; height: 26px;"
        />
        <image
          class="at-tab-bar__inner-img"
          mode="widthFix"
          src="https://img12.360buyimg.com/jdphoto/s72x72_jfs/t6160/14/2008729947/2754/7d512a86/595c3aeeNa89ddf71.png"
          style="width: 26px; height: 26px;"
        />
      </view>
      
      <view
        class="at-badge__num"
      >
        new
      </view>
    </view>
    <view>
      <view
        class="at-badge"
      >
        
        <view
          class="at-tab-bar__title"
          style="font-size: 14px;"
        >
          领取中心
        </view>
        
        <!---->
      </view>
    </view>
  </view>
</view>
`;

exports[`AtTabBar should render prop -- scroll 1`] = `
<view
  class="at-tab-bar"
  scroll="true"
  style="background-color: rgb(255, 255, 255);"
>
  <view
    class="at-tab-bar__item at-tab-bar__item--active"
    style="color: rgb(97, 144, 232);"
  >
    <view
      class="at-badge"
    >
      
      <view
        class="at-tab-bar__icon"
      >
        <text
          class="at-icon at-icon-bullet-list"
          style="color: rgb(97, 144, 232); font-size: 24px;"
        />
      </view>
      
      <view
        class="at-badge__num"
      >
        new
      </view>
    </view>
    <!---->
    <view>
      <view
        class="at-badge"
      >
        
        <view
          class="at-tab-bar__title"
          style="font-size: 14px;"
        >
          待办事项
        </view>
        
        <!---->
      </view>
    </view>
  </view>
  <view
    class="at-tab-bar__item"
    style="color: rgb(51, 51, 51);"
  >
    <view
      class="at-badge"
    >
      
      <view
        class="at-tab-bar__icon"
      >
        <text
          class="at-icon at-icon-camera"
          style="color: rgb(51, 51, 51); font-size: 24px;"
        />
      </view>
      
      <!---->
    </view>
    <!---->
    <view>
      <view
        class="at-badge"
      >
        
        <view
          class="at-tab-bar__title"
          style="font-size: 14px;"
        >
          拍照
        </view>
        
        <!---->
      </view>
    </view>
  </view>
  <view
    class="at-tab-bar__item"
    style="color: rgb(51, 51, 51);"
  >
    <view
      class="at-badge"
    >
      
      <view
        class="at-tab-bar__icon"
      >
        <text
          class="at-icon at-icon-folder"
          style="color: rgb(51, 51, 51); font-size: 24px;"
        />
      </view>
      
      <view
        class="at-badge__num"
      >
        99+
      </view>
    </view>
    <!---->
    <view>
      <view
        class="at-badge"
      >
        
        <view
          class="at-tab-bar__title"
          style="font-size: 14px;"
        >
          文件夹
        </view>
        
        <!---->
      </view>
    </view>
  </view>
  <view
    class="at-tab-bar__item"
    style="color: rgb(51, 51, 51);"
  >
    <!---->
    <view
      class="at-badge"
    >
      
      <view
        class="at-tab-bar__icon"
      >
        <image
          class="at-tab-bar__inner-img at-tab-bar__inner-img--inactive"
          mode="widthFix"
          src="https://img14.360buyimg.com/jdphoto/s72x72_jfs/t17251/336/1311038817/3177/72595a07/5ac44618Na1db7b09.png"
          style="width: 24px; height: 24px;"
        />
        <image
          class="at-tab-bar__inner-img"
          mode="widthFix"
          src="https://img12.360buyimg.com/jdphoto/s72x72_jfs/t6160/14/2008729947/2754/7d512a86/595c3aeeNa89ddf71.png"
          style="width: 24px; height: 24px;"
        />
      </view>
      
      <view
        class="at-badge__num"
      >
        new
      </view>
    </view>
    <view>
      <view
        class="at-badge"
      >
        
        <view
          class="at-tab-bar__title"
          style="font-size: 14px;"
        >
          领取中心
        </view>
        
        <!---->
      </view>
    </view>
  </view>
</view>
`;

exports[`AtTabBar should render prop -- selectedColor 1`] = `
<view
  class="at-tab-bar"
  style="background-color: rgb(255, 255, 255);"
>
  <view
    class="at-tab-bar__item at-tab-bar__item--active"
    style="color: red;"
  >
    <view
      class="at-badge"
    >
      
      <view
        class="at-tab-bar__icon"
      >
        <text
          class="at-icon at-icon-bullet-list"
          style="color: red; font-size: 24px;"
        />
      </view>
      
      <view
        class="at-badge__num"
      >
        new
      </view>
    </view>
    <!---->
    <view>
      <view
        class="at-badge"
      >
        
        <view
          class="at-tab-bar__title"
          style="font-size: 14px;"
        >
          待办事项
        </view>
        
        <!---->
      </view>
    </view>
  </view>
  <view
    class="at-tab-bar__item"
    style="color: rgb(51, 51, 51);"
  >
    <view
      class="at-badge"
    >
      
      <view
        class="at-tab-bar__icon"
      >
        <text
          class="at-icon at-icon-camera"
          style="color: rgb(51, 51, 51); font-size: 24px;"
        />
      </view>
      
      <!---->
    </view>
    <!---->
    <view>
      <view
        class="at-badge"
      >
        
        <view
          class="at-tab-bar__title"
          style="font-size: 14px;"
        >
          拍照
        </view>
        
        <!---->
      </view>
    </view>
  </view>
  <view
    class="at-tab-bar__item"
    style="color: rgb(51, 51, 51);"
  >
    <view
      class="at-badge"
    >
      
      <view
        class="at-tab-bar__icon"
      >
        <text
          class="at-icon at-icon-folder"
          style="color: rgb(51, 51, 51); font-size: 24px;"
        />
      </view>
      
      <view
        class="at-badge__num"
      >
        99+
      </view>
    </view>
    <!---->
    <view>
      <view
        class="at-badge"
      >
        
        <view
          class="at-tab-bar__title"
          style="font-size: 14px;"
        >
          文件夹
        </view>
        
        <!---->
      </view>
    </view>
  </view>
  <view
    class="at-tab-bar__item"
    style="color: rgb(51, 51, 51);"
  >
    <!---->
    <view
      class="at-badge"
    >
      
      <view
        class="at-tab-bar__icon"
      >
        <image
          class="at-tab-bar__inner-img at-tab-bar__inner-img--inactive"
          mode="widthFix"
          src="https://img14.360buyimg.com/jdphoto/s72x72_jfs/t17251/336/1311038817/3177/72595a07/5ac44618Na1db7b09.png"
          style="width: 24px; height: 24px;"
        />
        <image
          class="at-tab-bar__inner-img"
          mode="widthFix"
          src="https://img12.360buyimg.com/jdphoto/s72x72_jfs/t6160/14/2008729947/2754/7d512a86/595c3aeeNa89ddf71.png"
          style="width: 24px; height: 24px;"
        />
      </view>
      
      <view
        class="at-badge__num"
      >
        new
      </view>
    </view>
    <view>
      <view
        class="at-badge"
      >
        
        <view
          class="at-tab-bar__title"
          style="font-size: 14px;"
        >
          领取中心
        </view>
        
        <!---->
      </view>
    </view>
  </view>
</view>
`;

exports[`AtTabBar should render prop -- style 1`] = `
<view
  class="at-tab-bar"
  style="color: red; background-color: rgb(255, 255, 255);"
/>
`;

exports[`AtTabBar should render prop -- tabList 1`] = `
<view
  class="at-tab-bar"
  style="background-color: rgb(255, 255, 255);"
>
  <view
    class="at-tab-bar__item at-tab-bar__item--active"
    style="color: rgb(97, 144, 232);"
  >
    <view
      class="at-badge"
    >
      
      <view
        class="at-tab-bar__icon"
      >
        <text
          class="at-icon at-icon-bullet-list"
          style="color: rgb(97, 144, 232); font-size: 24px;"
        />
      </view>
      
      <view
        class="at-badge__num"
      >
        new
      </view>
    </view>
    <!---->
    <view>
      <view
        class="at-badge"
      >
        
        <view
          class="at-tab-bar__title"
          style="font-size: 14px;"
        >
          待办事项
        </view>
        
        <!---->
      </view>
    </view>
  </view>
  <view
    class="at-tab-bar__item"
    style="color: rgb(51, 51, 51);"
  >
    <view
      class="at-badge"
    >
      
      <view
        class="at-tab-bar__icon"
      >
        <text
          class="at-icon at-icon-camera"
          style="color: rgb(51, 51, 51); font-size: 24px;"
        />
      </view>
      
      <!---->
    </view>
    <!---->
    <view>
      <view
        class="at-badge"
      >
        
        <view
          class="at-tab-bar__title"
          style="font-size: 14px;"
        >
          拍照
        </view>
        
        <!---->
      </view>
    </view>
  </view>
  <view
    class="at-tab-bar__item"
    style="color: rgb(51, 51, 51);"
  >
    <view
      class="at-badge"
    >
      
      <view
        class="at-tab-bar__icon"
      >
        <text
          class="at-icon at-icon-folder"
          style="color: rgb(51, 51, 51); font-size: 24px;"
        />
      </view>
      
      <view
        class="at-badge__num"
      >
        99+
      </view>
    </view>
    <!---->
    <view>
      <view
        class="at-badge"
      >
        
        <view
          class="at-tab-bar__title"
          style="font-size: 14px;"
        >
          文件夹
        </view>
        
        <!---->
      </view>
    </view>
  </view>
  <view
    class="at-tab-bar__item"
    style="color: rgb(51, 51, 51);"
  >
    <!---->
    <view
      class="at-badge"
    >
      
      <view
        class="at-tab-bar__icon"
      >
        <image
          class="at-tab-bar__inner-img at-tab-bar__inner-img--inactive"
          mode="widthFix"
          src="https://img14.360buyimg.com/jdphoto/s72x72_jfs/t17251/336/1311038817/3177/72595a07/5ac44618Na1db7b09.png"
          style="width: 24px; height: 24px;"
        />
        <image
          class="at-tab-bar__inner-img"
          mode="widthFix"
          src="https://img12.360buyimg.com/jdphoto/s72x72_jfs/t6160/14/2008729947/2754/7d512a86/595c3aeeNa89ddf71.png"
          style="width: 24px; height: 24px;"
        />
      </view>
      
      <view
        class="at-badge__num"
      >
        new
      </view>
    </view>
    <view>
      <view
        class="at-badge"
      >
        
        <view
          class="at-tab-bar__title"
          style="font-size: 14px;"
        >
          领取中心
        </view>
        
        <!---->
      </view>
    </view>
  </view>
</view>
`;
