// Jest Snapshot v1, https://goo.gl/fbAQLP

exports[`AtIndexes events should render toast and show active letter style when clicking a letter index 1`] = `
<view class="at-indexes">
  <view class="at-indexes__menu">
    <view class="at-indexes__menu-item" style="">Top</view>
    <view class="at-indexes__menu-item" style="color: white; background-color: rgb(97, 144, 232); border-radius: 40px;">A</view>
    <view class="at-indexes__menu-item">B</view>
    <view class="at-indexes__menu-item">J</view>
  </view>
  <scroll-view class="at-indexes__body" scroll-y="" enable-back-to-top="" scroll-top="60" scroll-into-view="" scroll-with-animation="false">
    <view id="at-indexes__top" class="at-indexes__content"></view>
    <view id="at-indexes__list-A" class="at-indexes__list">
      <view class="at-indexes__list-title">A</view>
      <view class="at-list">
        <view class="at-list__item at-list__item--no-border">
          <view class="at-list__item-container">
            <!--v-if-->
            <!--v-if-->
            <view class="item-content at-list__item-content">
              <view class="item-content__info">
                <view class="item-content__info-title"> 阿坝 </view>
                <!--v-if-->
              </view>
            </view>
            <view class="item-extra at-list__item-extra">
              <!--v-if-->
              <!--v-if-->
              <!--v-if-->
              <!--v-if-->
            </view>
          </view>
        </view>
        <view class="at-list__item at-list__item--no-border">
          <view class="at-list__item-container">
            <!--v-if-->
            <!--v-if-->
            <view class="item-content at-list__item-content">
              <view class="item-content__info">
                <view class="item-content__info-title"> 阿拉善 </view>
                <!--v-if-->
              </view>
            </view>
            <view class="item-extra at-list__item-extra">
              <!--v-if-->
              <!--v-if-->
              <!--v-if-->
              <!--v-if-->
            </view>
          </view>
        </view>
      </view>
    </view>
    <view id="at-indexes__list-B" class="at-indexes__list">
      <view class="at-indexes__list-title">B</view>
      <view class="at-list">
        <view class="at-list__item at-list__item--no-border">
          <view class="at-list__item-container">
            <!--v-if-->
            <!--v-if-->
            <view class="item-content at-list__item-content">
              <view class="item-content__info">
                <view class="item-content__info-title"> 北京 </view>
                <!--v-if-->
              </view>
            </view>
            <view class="item-extra at-list__item-extra">
              <!--v-if-->
              <!--v-if-->
              <!--v-if-->
              <!--v-if-->
            </view>
          </view>
        </view>
      </view>
    </view>
    <view id="at-indexes__list-J" class="at-indexes__list">
      <view class="at-indexes__list-title">J</view>
      <view class="at-list">
        <view class="at-list__item at-list__item--no-border">
          <view class="at-list__item-container">
            <!--v-if-->
            <!--v-if-->
            <view class="item-content at-list__item-content">
              <view class="item-content__info">
                <view class="item-content__info-title"> 济南 </view>
                <!--v-if-->
              </view>
            </view>
            <view class="item-extra at-list__item-extra">
              <!--v-if-->
              <!--v-if-->
              <!--v-if-->
              <!--v-if-->
            </view>
          </view>
        </view>
        <view class="at-list__item at-list__item--no-border">
          <view class="at-list__item-container">
            <!--v-if-->
            <!--v-if-->
            <view class="item-content at-list__item-content">
              <view class="item-content__info">
                <view class="item-content__info-title"> 佳木斯 </view>
                <!--v-if-->
              </view>
            </view>
            <view class="item-extra at-list__item-extra">
              <!--v-if-->
              <!--v-if-->
              <!--v-if-->
              <!--v-if-->
            </view>
          </view>
        </view>
        <view class="at-list__item at-list__item--no-border">
          <view class="at-list__item-container">
            <!--v-if-->
            <!--v-if-->
            <view class="item-content at-list__item-content">
              <view class="item-content__info">
                <view class="item-content__info-title"> 吉安 </view>
                <!--v-if-->
              </view>
            </view>
            <view class="item-extra at-list__item-extra">
              <!--v-if-->
              <!--v-if-->
              <!--v-if-->
              <!--v-if-->
            </view>
          </view>
        </view>
      </view>
    </view>
  </scroll-view>
  <view class="at-toast">
    <!--v-if-->
    <view class="toast-body toast-body--text" style="min-width: 2.1334rem;">
      <view class="toast-body-content">
        <!--v-if-->
        <view class="toast-body-content__info"><text>A</text></view>
      </view>
    </view>
  </view>
</view>
`;

exports[`AtIndexes should render default indexes 1`] = `
<view class="at-indexes">
  <view class="at-indexes__menu">
    <view class="at-indexes__menu-item" style="color: white; background-color: rgb(97, 144, 232); border-radius: 40px;">Top</view>
  </view>
  <scroll-view class="at-indexes__body" scroll-y="" enable-back-to-top="" scroll-top="0" scroll-into-view="" scroll-with-animation="false">
    <view id="at-indexes__top" class="at-indexes__content"></view>
  </scroll-view>
  <!--v-if-->
</view>
`;
