// Jest Snapshot v1, https://goo.gl/fbAQLP

exports[`AtList should render default props and match snapshot 1`] = `
<view
  class="at-list"
>
  
  
</view>
`;

exports[`AtListItem should render all nodes and match snapshot 1`] = `
<view
  class="test at-list__item at-list__item--thumb at-list__item--multiple at-list__item--no-border test"
  style="color: red;"
>
  <view
    class="at-list__item-container"
  >
    <view
      class="item-thumb at-list__item-thumb"
    >
      <image
        class="item-thumb__info"
        mode="scaleToFill"
        src="http://img.test.com/3N31e.png"
      />
    </view>
    <view
      class="item-icon at-list__item-icon"
    >
      <view
        class="at-icon at-icon-calendar klass"
        style="color: rgb(120, 164, 250); font-size: 25px; background-color: teal;"
      />
    </view>
    <view
      class="item-content at-list__item-content"
    >
      <view
        class="item-content__info"
      >
        <view
          class="item-content__info-title"
        >
          title
        </view>
        <view
          class="item-content__info-note"
        >
          note
        </view>
      </view>
    </view>
    <view
      class="item-extra at-list__item-extra"
    >
      <view
        class="item-extra__info"
      >
        extraText
      </view>
      <!--v-if-->
      <!--v-if-->
      <view
        class="item-extra__icon"
      >
        <view
          class="at-icon item-extra__icon-arrow at-icon-chevron-right"
        />
      </view>
    </view>
  </view>
</view>
`;

exports[`AtListItem should render prop extraThumb and match snapshot 1`] = `
<view
  class="item-extra__image"
>
  <image
    class="item-extra__image-info"
    mode="aspectFit"
    src="http://img.test.com/3N31e.png"
  />
</view>
`;

exports[`AtListItem should render prop isSwitch and match snapshot 1`] = `
<view
  class="item-extra__switch"
>
  <switch
    checked="false"
    color="red"
    disabled="false"
  />
</view>
`;
